Building CodeupVFS Plugin for Directory Opus
==============================================
Setting up Visual Studio environment...
**********************************************************************
** Visual Studio 2022 Developer Command Prompt v17.14.31
** Copyright (c) 2025 Microsoft Corporation
**********************************************************************
[vcvarsall.bat] Environment initialized for: 'x64'

Output directory: D:\VFS\CodeupVFS\..
Compiling resources...
Microsoft (R) Windows (R) Resource Compiler Version 10.0.10011.16384
Copyright (C) Microsoft Corporation.  All rights reserved.

Compiling CodeupVFS.dll...
CodeupVFS.cpp
CodeupClient.cpp
正在生成代码...
Microsoft (R) Incremental Linker Version 14.44.35226.0
Copyright (C) Microsoft Corporation.  All rights reserved.

/out:CodeupVFS.dll 
/dll 
/implib:CodeupVFS.lib 
/DEF:src\CodeupVFS.def 
Advapi32.lib 
Shell32.lib 
Comctl32.lib 
ComDlg32.lib 
Winhttp.lib 
User32.lib 
Gdi32.lib 
D:\VFS\CodeupVFS\src\resource.res 
/OUT:D:\VFS\CodeupVFS\..\CodeupVFS.dll 
CodeupVFS.obj 
CodeupClient.obj 
  正在创建库 CodeupVFS.lib 和对象 CodeupVFS.exp

========================================
Build successful
Output: D:\VFS\CodeupVFS\..\CodeupVFS.dll
========================================

File size:
  430080 bytes

Cleaning up temporary files...
Cleanup done.

========================================
Deploying to Directory Opus...
========================================
        0 file(s) copied.
Deployment complete.
